// Jest Snapshot v1, https://goo.gl/fbAQLP

exports[`should render the dashboardpage 1`] = `
<div>
  <PageHeader
    data={2}
    subTitle="Connected"
    title="Trashcans"
  />
  <GoogleMap
    bootstrapURLKeys={
      Object {
        "key": undefined,
      }
    }
    debounced={true}
    defaultCenter={
      Object {
        "lat": 59.407859,
        "lng": 17.944644,
      }
    }
    defaultZoom={13}
    distanceToMouse={[Function]}
    googleMapLoader={[Function]}
    heatmap={Object {}}
    heatmapLibrary={false}
    hoverDistance={30}
    layerTypes={Array []}
    onChildMouseEnter={[Function]}
    onChildMouseLeave={[Function]}
    options={[Function]}
    style={
      Object {
        "height": "400px",
        "position": "relative",
        "width": "100%",
      }
    }
    yesIWantToUseGoogleMapApiInternals={false}
  >
    <FontAwesome
      key="8c13a125-cb3f-4a81-8cc5-c64574b0761f"
      lat="59.398546"
      lng="17.947002"
      name="map-marker"
      style={
        Object {
          "color": "#E74C3C",
          "fontSize": "2rem",
        }
      }
      text="8c13a125-cb3f-4a81-8cc5-c64574b0761f"
    />
    <FontAwesome
      key="0b394d27-1d7a-448e-b7f6-fa38d2f1ea41"
      lat="59.407859"
      lng="17.944644"
      name="map-marker"
      style={
        Object {
          "color": "#52BE80",
          "fontSize": "2rem",
        }
      }
      text="0b394d27-1d7a-448e-b7f6-fa38d2f1ea41"
    />
  </GoogleMap>
  <div
    className="content-container"
  >
    <div
      className="trashcan-card__container"
    >
      <Trashcan
        key="8c13a125-cb3f-4a81-8cc5-c64574b0761f"
        percentColor="#E74C3C"
        trashcan={
          Object {
            "TrashcanHistoryEntry": Object {
              "canStatus": "ONFIRE",
              "lastEmptied": "Mon Dec 31 14:18:38 CET 2018",
              "temperature": "128.0",
              "timestamp": "Mon Dec 31 14:45:08 CET 2018",
              "trashLevel": "100.0",
            },
            "isConnected": "true",
            "location": Object {
              "latitude": "59.398546",
              "longitude": "17.947002",
            },
            "trashcanId": "8c13a125-cb3f-4a81-8cc5-c64574b0761f",
            "type": "household",
          }
        }
      />
      <Trashcan
        key="0b394d27-1d7a-448e-b7f6-fa38d2f1ea41"
        percentColor="#52BE80"
        trashcan={
          Object {
            "TrashcanHistoryEntry": Object {
              "canStatus": "EMPTY",
              "lastEmptied": "Mon Dec 31 14:49:51 CET 2018",
              "temperature": "10.0",
              "timestamp": "Mon Dec 31 14:49:52 CET 2018",
              "trashLevel": "10.0",
            },
            "isConnected": "true",
            "location": Object {
              "latitude": "59.407859",
              "longitude": "17.944644",
            },
            "trashcanId": "0b394d27-1d7a-448e-b7f6-fa38d2f1ea41",
            "type": "electronics",
          }
        }
      />
    </div>
  </div>
</div>
`;
